feature_flags:
  KongServiceFacade: true
  ExpressionRoutes: true
