_format_version: "3.0"
consumers:
- acls:
  - group: group
    tags:
    - k8s-name:consumer-acl
    - k8s-namespace:default
    - k8s-kind:Secret
    - k8s-version:v1
  basicauth_credentials:
  - password: consumer-1-password
    tags:
    - k8s-name:consumer-basic-auth
    - k8s-namespace:default
    - k8s-kind:Secret
    - k8s-version:v1
    username: consumer-1
  hmacauth_credentials:
  - tags:
    - k8s-name:consumer-hmac-auth
    - k8s-namespace:default
    - k8s-kind:Secret
    - k8s-version:v1
    username: consumer-1
  id: 7deb6e70-60be-5dd2-b374-06551479ea5e
  jwt_secrets:
  - algorithm: HS256
    key: key
    tags:
    - k8s-name:consumer-jwt
    - k8s-namespace:default
    - k8s-kind:Secret
    - k8s-version:v1
  keyauth_credentials:
  - key: key
    tags:
    - k8s-name:consumer-key-auth
    - k8s-namespace:default
    - k8s-kind:Secret
    - k8s-version:v1
  tags:
  - k8s-name:consumer
  - k8s-namespace:default
  - k8s-kind:KongConsumer
  - k8s-group:configuration.konghq.com
  - k8s-version:v1
  username: consumer
