apiVersion: configuration.konghq.com/v1
kind: KongConsumer
metadata:
  name: consumer
  namespace: default
  annotations:
    kubernetes.io/ingress.class: kong
username: consumer
credentials:
  - consumer-basic-auth
  - consumer-key-auth
  - consumer-hmac-auth
  - consumer-jwt
  - consumer-acl
---
apiVersion: v1
kind: Secret
metadata:
  name: consumer-key-auth
  namespace: default
  labels:
    konghq.com/credential: key-auth
data:
  key: "a2V5"
---
apiVersion: v1
kind: Secret
metadata:
  name: consumer-basic-auth
  namespace: default
  labels:
    konghq.com/credential: basic-auth
data:
  username: "Y29uc3VtZXItMQ=="
  password: "Y29uc3VtZXItMS1wYXNzd29yZA=="
---
apiVersion: v1
kind: Secret
metadata:
  name: consumer-hmac-auth
  namespace: default
  labels:
    konghq.com/credential: hmac-auth
data:
  username: "Y29uc3VtZXItMQ=="
---
apiVersion: v1
kind: Secret
metadata:
  name: consumer-jwt
  namespace: default
  labels:
    konghq.com/credential: jwt
data:
  key: "a2V5"
---
apiVersion: v1
kind: Secret
metadata:
  name: consumer-acl
  namespace: default
  labels:
    konghq.com/credential: acl
data:
  group: "Z3JvdXA="
