_format_version: "3.0"
services:
- connect_timeout: 60000
  host: httproute..httproute-testing._.0
  id: 8c2128fd-fd7f-5124-be47-5f398496c564
  name: httproute..httproute-testing._.0
  port: 8080
  protocol: http
  read_timeout: 60000
  retries: 5
  routes:
  - expression: (http.path == "/httproute-testing") || (http.path ^= "/httproute-testing/")
    https_redirect_status_code: 426
    id: 6ed3cb3b-9fde-540a-9e9d-0a8c13762a84
    name: httproute..httproute-testing._.0.0
    preserve_host: true
    priority: 2251808940752895
    strip_path: true
    tags:
    - k8s-name:httproute-testing
    - k8s-kind:HTTPRoute
    - k8s-group:gateway.networking.k8s.io
    - k8s-version:v1beta1
  tags:
  - k8s-name:httproute-testing
  - k8s-kind:HTTPRoute
  - k8s-group:gateway.networking.k8s.io
  - k8s-version:v1beta1
  write_timeout: 60000
upstreams:
- algorithm: round-robin
  name: httproute..httproute-testing._.0
  tags:
  - k8s-name:httproute-testing
  - k8s-kind:HTTPRoute
  - k8s-group:gateway.networking.k8s.io
  - k8s-version:v1beta1
