_format_version: "3.0"
certificates:
- cert: |-
    -----BEGIN CERTIFICATE-----
    MIIBoTCCAQoCCQCjZq2l6IGAATANBgkqhkiG9w0BAQsFADAVMRMwEQYDVQQDDApr
    b25naHEuY29tMB4XDTIzMDYwMTE3NTMyMVoXDTI0MDUzMTE3NTMyMVowFTETMBEG
    A1UEAwwKa29uZ2hxLmNvbTCBnzANBgkqhkiG9w0BAQEFAAOBjQAwgYkCgYEAuDsJ
    xkC+QWHD8UfPBjrUXnM69iq8VRzzKVlxUom7/mXT4WbT7vLIb6pWuWGJXwP7IUec
    LSAFTwMH9xqeB+IcIwOVRyRwTs8vBrx+rNXBS7gLyAtaeGbWnKl+A95KL5jnaEG+
    TrxMGpZlRSojOWsc/sE/Yt+WqHJ9QqKKvgKEUtECAwEAATANBgkqhkiG9w0BAQsF
    AAOBgQCeeXGqFiOpPe4EuFE4O/ydvOMmun8ap3e0VNGwWu7ylN2bxggK3IvZ5rNf
    03Uc8e1eoKWa30gkw1tyQQ0uo33VbxzJVrbMWQG7syYMocgt/8Czg8rX4ezCOstJ
    PXXJPGS/3O7JOCUbBUZ2aJ7eVHzMNyn7CiZiqI9kJqEGlU/I8w==
    -----END CERTIFICATE-----
  id: ""
  key: |-
    -----BEGIN PRIVATE KEY-----
    MIICdwIBADANBgkqhkiG9w0BAQEFAASCAmEwggJdAgEAAoGBALg7CcZAvkFhw/FH
    zwY61F5zOvYqvFUc8ylZcVKJu/5l0+Fm0+7yyG+qVrlhiV8D+yFHnC0gBU8DB/ca
    ngfiHCMDlUckcE7PLwa8fqzVwUu4C8gLWnhm1pypfgPeSi+Y52hBvk68TBqWZUUq
    IzlrHP7BP2LflqhyfUKiir4ChFLRAgMBAAECgYBBJadsMuLUbgUDIniD5HPKvobA
    HBajJmyaV6WqIUiYSlvlnh4dpj7Yteya+3G/ZsH8X71Le8JE0XaUnBX8Baoa4gWi
    Ws6CTX5yHVMihJ3Ixh5dGt6pdKPTCbBgNf+0ySVavbCDhfLisWTMNuN6KxHmx0GW
    PY85RuzRLl68+h7VEQJBANrPJE2MAxTpZ+Qw2r2jPF5yf1njwuyiIkZNlqz7Vmvy
    ZCXBZfahUXPcR5ka4xKOLgc7oCah+43gNDmq0vDtEP0CQQDXi09XJyLjnD1RpVIi
    t/cG5JiDBvtuSGjI7s/mI2Ts0fpo/U35WUGajHagma9c2qlYMeVZ7fupxLNaLD6z
    1MtlAkEA1h/7wL+RjHdVKeP9S7NgsnSN1+Ohr3yC2hW3rBRR4FVWV/RI2e/IC/+3
    OUcsi84DkSRydxvxVkfgE8btosP76QJABjMWlB4nDb7nsJp9s0vxSfx3OoWP48sn
    YGgmCKuJ8pnThwOKI5rinSxfGR1ygswzRLsiqqSCsY5bzkMphoifVQJBAIUmrXPj
    51od3k5VpWo1S+Mg9IiufrnqtpFu/kEEXluxCqrskb1C7mWMkGqy0bHpA014Squ2
    7InkkRoDnTrU3Ro=
    -----END PRIVATE KEY-----
  snis:
  - name: 3.example.com
  - name: 4.example.com
- cert: |-
    -----BEGIN CERTIFICATE-----
    MIIBoTCCAQoCCQC/V5OfTXu7xDANBgkqhkiG9w0BAQsFADAVMRMwEQYDVQQDDApr
    b25naHEuY29tMB4XDTIzMDYwMTE3NTAwOFoXDTI0MDUzMTE3NTAwOFowFTETMBEG
    A1UEAwwKa29uZ2hxLmNvbTCBnzANBgkqhkiG9w0BAQEFAAOBjQAwgYkCgYEAuyL5
    0o4RyWoYLQTU5wKkYXcx9nDYTn+6O6WQPcDyOfPQmm92vauBK3zNJQxnhK3pdCJs
    /li+q2BqnBWYoFcp/DETIeOuyI43+BpARjAHntUM02sofcbTMRGA28/uCgq+46LS
    DqPGl6LeSA1pc7muc1mEmkvklYFzQ57Gee4i5SECAwEAATANBgkqhkiG9w0BAQsF
    AAOBgQBBvx0bdyFdWxa75R9brz8s1GYLrVmk7zCXspvy9sDy1RoaV7TnYdWxv/HU
    9fumw+0RoSsxysQRc1iWA8qJ6y2rq3G7A3GHtIPqsDHrjoS9s9YtJo4iT4INJ3Im
    0fB0QDr1F4F5P6TZyMu1Wjgt2CheqaZH6TLa8Em4Fz/Qrfc1Ag==
    -----END CERTIFICATE-----
  id: ""
  key: |-
    -----BEGIN PRIVATE KEY-----
    MIICdQIBADANBgkqhkiG9w0BAQEFAASCAl8wggJbAgEAAoGBALsi+dKOEclqGC0E
    1OcCpGF3MfZw2E5/ujulkD3A8jnz0Jpvdr2rgSt8zSUMZ4St6XQibP5YvqtgapwV
    mKBXKfwxEyHjrsiON/gaQEYwB57VDNNrKH3G0zERgNvP7goKvuOi0g6jxpei3kgN
    aXO5rnNZhJpL5JWBc0OexnnuIuUhAgMBAAECgYARpvz11Zzr6Owa4wfKOr+SyhGW
    c5KT5QyGL9npWVgAC3Wz+6uxvInUtlMLmZ3yMA2DfPPXEjv6IoAr9QWOqmo1TDou
    vpi7n06GlT8qOMWOpbPoR7hCCa4nlsx48q8QQ+KnnChz0AgNYtlIu9H1l1a20Hut
    /qoEW7We/GPtbHbAAQJBAPc7wVUGtmHiFtXI2N/bdRkefk67TgytMQVU1eHIhnh8
    glAVpuGNYcyXYoDfod/yMpIJ4To2FNgRNVaHWgfOhQECQQDBxbIvw+PKrurNIbqr
    su/fcDJXdKZ+wfuJJX2kRQeMga0nVcqLUZV1RAPmCg0Yv+QNhovq1ouwLNsZKpe5
    w8AhAkBDGaG4LPE1EcK21SMfZpWacq8/ORDO2faTBtphxCXS76ACkk3Pq6qed3vR
    lGB/wmE9R5csUF9J4SnDyUqDEecBAkAvVWSeiGJ3m1zd+RRJZu9zjEuv013sbuRL
    7y2O2BHs/6xVhH5yo943hALTybbDSfSiXTCGkBwVUA/BSQdBKJEhAkA/XSV2JTle
    g5RhxkuDZst3K8aupwWKC4E9zug+araQknzjMh6MSl6u2+RNifRrz2kThQ3HYj0g
    5GTyl7XJmyY/
    -----END PRIVATE KEY-----
  snis:
  - name: 1.example.com
  - name: 2.example.com
services:
- connect_timeout: 60000
  host: foo-svc.bar-namespace.80.svc
  name: bar-namespace.foo-svc.80
  path: /
  port: 80
  protocol: http
  read_timeout: 60000
  retries: 5
  routes:
  - hosts:
    - example.com
    https_redirect_status_code: 426
    name: bar-namespace.ing-with-tls.foo-svc.example.com.80
    path_handling: v0
    paths:
    - ~/$
    preserve_host: true
    protocols:
    - http
    - https
    regex_priority: 0
    request_buffering: true
    response_buffering: true
    strip_path: false
    tags:
    - k8s-name:ing-with-tls
    - k8s-namespace:bar-namespace
    - k8s-kind:Ingress
    - k8s-group:networking.k8s.io
    - k8s-version:v1
  tags:
  - k8s-name:foo-svc
  - k8s-namespace:bar-namespace
  - k8s-kind:Service
  - k8s-version:v1
  write_timeout: 60000
upstreams:
- algorithm: round-robin
  name: foo-svc.bar-namespace.80.svc
  tags:
  - k8s-name:foo-svc
  - k8s-namespace:bar-namespace
  - k8s-kind:Service
  - k8s-version:v1
