_format_version: "3.0"
consumer_groups:
- name: consumer-group-2
  tags:
  - k8s-name:consumer-group-2
  - k8s-kind:KongConsumerGroup
  - k8s-group:configuration.konghq.com
  - k8s-version:v1beta1
- name: consumer-group-1
  tags:
  - k8s-name:consumer-group-1
  - k8s-kind:KongConsumerGroup
  - k8s-group:configuration.konghq.com
  - k8s-version:v1beta1
consumers:
- groups:
  - name: consumer-group-1
  - name: consumer-group-2
  tags:
  - k8s-name:consumer-2
  - k8s-kind:KongConsumer
  - k8s-group:configuration.konghq.com
  - k8s-version:v1
  username: consumer-2
- groups:
  - name: consumer-group-1
  tags:
  - k8s-name:consumer-1
  - k8s-kind:KongConsumer
  - k8s-group:configuration.konghq.com
  - k8s-version:v1
  username: consumer-1
