_format_version: "3.0"
consumer_group_consumers:
- consumer: consumer-1
  consumer_group: consumer-group-1
- consumer: consumer-2
  consumer_group: consumer-group-1
- consumer: consumer-2
  consumer_group: consumer-group-2
consumer_groups:
- id: 876a1c78-f75a-570e-a918-26506344add0
  name: consumer-group-2
  tags:
  - k8s-name:consumer-group-2
  - k8s-kind:KongConsumerGroup
  - k8s-group:configuration.konghq.com
  - k8s-version:v1beta1
- id: dc176b3e-97a3-55b5-935a-b6edda29067d
  name: consumer-group-1
  tags:
  - k8s-name:consumer-group-1
  - k8s-kind:KongConsumerGroup
  - k8s-group:configuration.konghq.com
  - k8s-version:v1beta1
consumers:
- id: e23d9ef8-1cc4-5b55-abd1-db89aa90346c
  tags:
  - k8s-name:consumer-1
  - k8s-kind:KongConsumer
  - k8s-group:configuration.konghq.com
  - k8s-version:v1
  username: consumer-1
- id: 71168e5f-1d0b-5465-8bb9-a3b032fbc4c4
  tags:
  - k8s-name:consumer-2
  - k8s-kind:KongConsumer
  - k8s-group:configuration.konghq.com
  - k8s-version:v1
  username: consumer-2
