_format_version: "3.0"
services:
- connect_timeout: 60000
  host: httproute.default.test.0
  name: httproute.default.test.0
  protocol: http
  read_timeout: 60000
  retries: 5
  routes:
  - https_redirect_status_code: 426
    name: httproute.default.test.0.0
    path_handling: v0
    paths:
    - ~/test$
    - /test/
    preserve_host: true
    protocols:
    - http
    - https
    strip_path: true
    tags:
    - k8s-name:test
    - k8s-namespace:default
    - k8s-kind:HTTPRoute
    - k8s-group:gateway.networking.k8s.io
    - k8s-version:v1beta1
  tags:
  - k8s-name:test
  - k8s-namespace:default
  - k8s-kind:HTTPRoute
  - k8s-group:gateway.networking.k8s.io
  - k8s-version:v1beta1
  write_timeout: 60000
upstreams:
- algorithm: round-robin
  name: httproute.default.test.0
  tags:
  - k8s-name:test
  - k8s-namespace:default
  - k8s-kind:HTTPRoute
  - k8s-group:gateway.networking.k8s.io
  - k8s-version:v1beta1
  targets:
  - target: 10.244.0.5:9443
    weight: 50
  - target: 10.244.0.4:9443
    weight: 50
